// Jest Snapshot v1, https://goo.gl/fbAQLP

exports[`Home Screen Renders correctly 1`] = `
<View
  style={
    Object {
      "padding": 20,
      "width": "100%",
    }
  }
>
  <Text
    style={
      Array [
        Object {
          "color": "#1E9BF2",
        },
        Object {
          "color": "#1E9BF2",
          "fontSize": 18,
          "fontWeight": "normal",
          "marginBottom": 8,
        },
      ]
    }
  >
    Settings.AppPreferences
  </Text>
  <View
    accessible={true}
    collapsable={false}
    focusable={true}
    nativeID="animatedComponent"
    onClick={[Function]}
    onResponderGrant={[Function]}
    onResponderMove={[Function]}
    onResponderRelease={[Function]}
    onResponderTerminate={[Function]}
    onResponderTerminationRequest={[Function]}
    onStartShouldSetResponder={[Function]}
    style={
      Object {
        "alignItems": "center",
        "backgroundColor": "#CCE8F4",
        "borderRadius": 8,
        "flexDirection": "row",
        "justifyContent": "space-between",
        "marginBottom": 10,
        "opacity": 1,
        "padding": 12,
      }
    }
  >
    <Text
      style={
        Array [
          Object {
            "color": "#1E9BF2",
          },
          Object {
            "color": "#1E9BF2",
            "flexShrink": 1,
            "fontSize": 18,
            "fontWeight": "normal",
          },
        ]
      }
    >
      Settings.ChangePin
    </Text>
    <Text
      allowFontScaling={false}
      selectable={false}
      style={
        Array [
          Object {
            "color": "#1E9BF2",
            "fontSize": 25,
          },
          undefined,
          Object {
            "fontFamily": "Material Icons",
            "fontStyle": "normal",
            "fontWeight": "normal",
          },
          Object {},
        ]
      }
    >
      
    </Text>
  </View>
  <View
    accessible={true}
    collapsable={false}
    focusable={true}
    nativeID="animatedComponent"
    onClick={[Function]}
    onResponderGrant={[Function]}
    onResponderMove={[Function]}
    onResponderRelease={[Function]}
    onResponderTerminate={[Function]}
    onResponderTerminationRequest={[Function]}
    onStartShouldSetResponder={[Function]}
    style={
      Object {
        "alignItems": "center",
        "backgroundColor": "#CCE8F4",
        "borderRadius": 8,
        "flexDirection": "row",
        "justifyContent": "space-between",
        "marginBottom": 10,
        "opacity": 1,
        "padding": 12,
      }
    }
  >
    <Text
      style={
        Array [
          Object {
            "color": "#1E9BF2",
          },
          Object {
            "color": "#1E9BF2",
            "flexShrink": 1,
            "fontSize": 18,
            "fontWeight": "normal",
          },
        ]
      }
    >
      Settings.Language
    </Text>
    <Text
      allowFontScaling={false}
      selectable={false}
      style={
        Array [
          Object {
            "color": "#1E9BF2",
            "fontSize": 25,
          },
          undefined,
          Object {
            "fontFamily": "Material Icons",
            "fontStyle": "normal",
            "fontWeight": "normal",
          },
          Object {},
        ]
      }
    >
      
    </Text>
  </View>
  <Text
    style={
      Array [
        Object {
          "color": "#1E9BF2",
        },
        Object {
          "color": "#1E9BF2",
          "fontSize": 18,
          "fontWeight": "normal",
          "marginBottom": 8,
        },
      ]
    }
  >
    Settings.AboutApp
  </Text>
  <View
    style={
      Object {
        "backgroundColor": "#CCE8F4",
        "borderRadius": 8,
        "marginBottom": 10,
      }
    }
  >
    <View
      style={
        Object {
          "alignItems": "center",
          "flexDirection": "row",
          "justifyContent": "space-between",
          "padding": 12,
        }
      }
    >
      <Text
        style={
          Array [
            Object {
              "color": "#1E9BF2",
            },
            Object {
              "color": "#1E9BF2",
              "flexShrink": 1,
              "fontSize": 18,
              "fontWeight": "normal",
            },
          ]
        }
      >
        Settings.Version
      </Text>
      <Text
        style={
          Array [
            Object {
              "color": "#1E9BF2",
            },
            Object {
              "color": "#1E9BF2",
              "flexShrink": 1,
              "fontSize": 18,
              "fontWeight": "normal",
            },
          ]
        }
      >
        1-1
      </Text>
    </View>
  </View>
</View>
`;
