// Jest Snapshot v1, https://goo.gl/fbAQLP

exports[`Splash Screen Renders correctly 1`] = `
<RCTSafeAreaView
  emulateUnlessSupported={true}
  style={
    Object {
      "alignItems": "center",
      "backgroundColor": "#FFFFFF",
      "flex": 1,
      "justifyContent": "center",
    }
  }
/>
`;
