// Jest Snapshot v1, https://goo.gl/fbAQLP

exports[`displays a home screen renders correctly 1`] = `
<View>
  <View
    style={
      Object {
        "alignItems": "center",
        "flexDirection": "row",
        "justifyContent": "space-between",
        "paddingHorizontal": 25,
      }
    }
  >
    <Text
      style={
        Array [
          Object {
            "color": "#000000",
            "fontFamily": "TitilliumWeb-SemiBold",
            "fontSize": 21,
            "fontWeight": "bold",
          },
          Object {
            "marginBottom": 20,
            "marginTop": 25,
          },
        ]
      }
    >
      Home.Notifications
      
    </Text>
  </View>
  <RCTScrollView
    ListEmptyComponent={
      <View
        style={
          Object {
            "marginHorizontal": 25,
            "width": 700,
          }
        }
      >
        <InfoTextBox
          showIcon={true}
        >
          <Text
            style={
              Object {
                "color": "#000000",
                "fontFamily": "TitilliumWeb-Regular",
                "fontSize": 17,
                "fontWeight": "normal",
              }
            }
          >
            Home.NoNewUpdates
          </Text>
        </InfoTextBox>
      </View>
    }
    data={Array []}
    decelerationRate="fast"
    getItem={[Function]}
    getItemCount={[Function]}
    horizontal={true}
    keyExtractor={[Function]}
    onContentSizeChange={[Function]}
    onLayout={[Function]}
    onMomentumScrollBegin={[Function]}
    onMomentumScrollEnd={[Function]}
    onScroll={[Function]}
    onScrollBeginDrag={[Function]}
    onScrollEndDrag={[Function]}
    removeClippedSubviews={false}
    renderItem={[Function]}
    scrollEnabled={false}
    scrollEventThrottle={50}
    showsHorizontalScrollIndicator={false}
    snapToOffsets={
      Array [
        0,
      ]
    }
    stickyHeaderIndices={Array []}
    viewabilityConfigCallbackPairs={Array []}
  >
    <View>
      <View
        onLayout={[Function]}
        style={
          Object {
            "marginHorizontal": 25,
            "width": 700,
          }
        }
      >
        <View
          style={
            Object {
              "backgroundColor": "#F2F2F2",
              "borderRadius": 5,
              "flexDirection": "row",
              "padding": 10,
            }
          }
        >
          <View
            style={
              Object {
                "alignSelf": "center",
                "marginRight": 10,
              }
            }
          >
            <Image
              source={
                Object {
                  "testUri": "../../../src/assets/info-icon.png",
                }
              }
              style={
                Object {
                  "height": 30,
                  "width": 30,
                }
              }
            />
          </View>
          <Text
            accessibilityLabel="InfoTextBox"
            style={
              Object {
                "alignSelf": "center",
                "color": "#000000",
                "flexShrink": 1,
                "fontFamily": "TitilliumWeb-Regular",
                "fontSize": 17,
                "fontWeight": "normal",
              }
            }
            testID="InfoTextBox"
          >
            <Text
              style={
                Object {
                  "color": "#000000",
                  "fontFamily": "TitilliumWeb-Regular",
                  "fontSize": 17,
                  "fontWeight": "normal",
                }
              }
            >
              Home.NoNewUpdates
            </Text>
          </Text>
        </View>
      </View>
    </View>
  </RCTScrollView>
  <View
    style={
      Object {
        "paddingHorizontal": 25,
      }
    }
  >
    <View
      style={
        Array [
          Object {
            "alignItems": "center",
            "justifyContent": "center",
            "marginHorizontal": 60,
            "marginTop": 35,
          },
        ]
      }
    >
      <Text
        style={
          Array [
            Object {
              "color": "#000000",
              "fontFamily": "TitilliumWeb-SemiBold",
              "fontSize": 32,
              "fontWeight": "bold",
            },
            Object {
              "marginBottom": 35,
              "marginTop": 25,
            },
          ]
        }
      >
        Home.Welcome
      </Text>
      <Text
        style={
          Array [
            Object {
              "color": "#000000",
              "fontFamily": "TitilliumWeb-Regular",
              "fontSize": 17,
              "fontWeight": "normal",
            },
            Object {
              "marginTop": 25,
              "textAlign": "center",
            },
          ]
        }
      >
        Home.NoCredentials
      </Text>
    </View>
  </View>
</View>
`;
