// Jest Snapshot v1, https://goo.gl/fbAQLP

exports[`Wallet Initialization should render correctly 1`] = `
<View
  style={
    Array [
      Object {
        "backgroundColor": "#FFFFFF",
        "flex": 1,
        "marginTop": 20,
      },
    ]
  }
>
  <View
    style={
      Array [
        Object {
          "alignItems": "center",
          "flex": 1,
          "justifyContent": "center",
        },
      ]
    }
  >
    <Text
      style={
        Object {
          "color": "#000000",
          "fontFamily": "TitilliumWeb-Regular",
          "fontSize": 17,
          "fontWeight": "normal",
        }
      }
    >
      Registration.WalletInitialized
    </Text>
    <Image
      resizeMode="contain"
      source={
        Object {
          "testUri": "../../../src/assets/walletinitialized.png",
        }
      }
      style={
        Object {
          "alignSelf": "center",
          "height": 200,
          "margin": 20,
          "width": "70%",
        }
      }
    />
  </View>
  <View
    style={
      Array [
        Object {
          "alignItems": "flex-end",
          "margin": 20,
        },
      ]
    }
  >
    <View
      accessible={true}
      collapsable={false}
      focusable={true}
      nativeID="animatedComponent"
      onClick={[Function]}
      onResponderGrant={[Function]}
      onResponderMove={[Function]}
      onResponderRelease={[Function]}
      onResponderTerminate={[Function]}
      onResponderTerminationRequest={[Function]}
      onStartShouldSetResponder={[Function]}
      style={
        Object {
          "alignItems": "center",
          "backgroundColor": "#465AFF",
          "borderRadius": 30,
          "height": 60,
          "justifyContent": "center",
          "opacity": 1,
          "width": 60,
        }
      }
      testID="IconButton"
    >
      <View>
        <Text
          allowFontScaling={false}
          selectable={false}
          style={
            Array [
              Object {
                "color": "#FFFFFF",
                "fontSize": 30,
              },
              undefined,
              Object {
                "fontFamily": "anticon",
                "fontStyle": "normal",
                "fontWeight": "normal",
              },
              Object {},
            ]
          }
        >
          î˜›
        </Text>
      </View>
    </View>
  </View>
</View>
`;
