// Jest Snapshot v1, https://goo.gl/fbAQLP

exports[`Language should render correctly 1`] = `
<RCTScrollView
  contentContainerStyle={
    Object {
      "alignItems": "center",
    }
  }
  testID="safeareaview"
>
  <View>
    <View
      style={
        Object {
          "padding": 20,
          "width": "100%",
        }
      }
      testID="SingleSelectBlock"
    >
      <View
        accessible={true}
        collapsable={false}
        focusable={true}
        nativeID="animatedComponent"
        onClick={[Function]}
        onResponderGrant={[Function]}
        onResponderMove={[Function]}
        onResponderRelease={[Function]}
        onResponderTerminate={[Function]}
        onResponderTerminationRequest={[Function]}
        onStartShouldSetResponder={[Function]}
        style={
          Object {
            "alignItems": "center",
            "backgroundColor": "#CCE8F4",
            "borderRadius": 8,
            "flexDirection": "row",
            "justifyContent": "space-between",
            "marginBottom": 8,
            "opacity": 1,
            "padding": 12,
          }
        }
      >
        <Text
          accessibilityLabel="Text"
          style={
            Array [
              Object {
                "color": "#000094",
              },
              undefined,
            ]
          }
          testID="Text"
        >
          Language.English
        </Text>
        <Text
          allowFontScaling={false}
          selectable={false}
          style={
            Array [
              Object {
                "color": "#000094",
                "fontSize": 25,
              },
              undefined,
              Object {
                "fontFamily": "Material Icons",
                "fontStyle": "normal",
                "fontWeight": "normal",
              },
              Object {},
            ]
          }
        >
          î—Š
        </Text>
      </View>
      <View
        accessible={true}
        collapsable={false}
        focusable={true}
        nativeID="animatedComponent"
        onClick={[Function]}
        onResponderGrant={[Function]}
        onResponderMove={[Function]}
        onResponderRelease={[Function]}
        onResponderTerminate={[Function]}
        onResponderTerminationRequest={[Function]}
        onStartShouldSetResponder={[Function]}
        style={
          Object {
            "alignItems": "center",
            "backgroundColor": "#CCE8F4",
            "borderRadius": 8,
            "flexDirection": "row",
            "justifyContent": "space-between",
            "marginBottom": 8,
            "opacity": 1,
            "padding": 12,
          }
        }
      >
        <Text
          accessibilityLabel="Text"
          style={
            Array [
              Object {
                "color": "#000094",
              },
              undefined,
            ]
          }
          testID="Text"
        >
          Language.French
        </Text>
      </View>
      <View
        accessible={true}
        collapsable={false}
        focusable={true}
        nativeID="animatedComponent"
        onClick={[Function]}
        onResponderGrant={[Function]}
        onResponderMove={[Function]}
        onResponderRelease={[Function]}
        onResponderTerminate={[Function]}
        onResponderTerminationRequest={[Function]}
        onStartShouldSetResponder={[Function]}
        style={
          Object {
            "alignItems": "center",
            "backgroundColor": "#CCE8F4",
            "borderRadius": 8,
            "flexDirection": "row",
            "justifyContent": "space-between",
            "marginBottom": 8,
            "opacity": 1,
            "padding": 12,
          }
        }
      >
        <Text
          accessibilityLabel="Text"
          style={
            Array [
              Object {
                "color": "#000094",
              },
              undefined,
            ]
          }
          testID="Text"
        >
          Language.German
        </Text>
      </View>
    </View>
  </View>
</RCTScrollView>
`;
