// Jest Snapshot v1, https://goo.gl/fbAQLP

exports[`CredentialDetails credential details render correctly 1`] = `null`;
